<!DOCTYPE KEYBMAP><KEYBMAP version="1.0">
<model>fx8000g</model>
<Keyboard>
    <KEY description=":" height="16" left="41" masterscancode="0x00" modifier="" scancode="0x3a" top="389" width="25"/>
    <KEY description="ENG" height="18" left="80" masterscancode="0x00" modifier="" scancode="0x210" top="388" width="32"/>
    <KEY description="Down Arrow" height="16" left="206" masterscancode="0x00" modifier="" scancode="0x04" top="355" width="25"/>
    <KEY description="ENTER" height="23" left="245" masterscancode="0x00" modifier="" scancode="0x0d" top="630" width="34"/>
    <KEY description="Left Arrow" height="16" left="167" masterscancode="0x00" modifier="" scancode="0x06" top="315" width="25"/>
    <KEY description="MODE" height="16" left="250" masterscancode="0x00" modifier="" scancode="0x08" top="319" width="25"/>
    <KEY description="Rigth Arrow" height="16" left="207" masterscancode="0x00" modifier="" scancode="0x07" top="315" width="25"/>
    <KEY description="ANS" height="22" left="194" masterscancode="0x00" modifier="" scancode="0x207" top="629" width="32"/>
    <KEY description="Up Arrow" height="16" left="165" masterscancode="0x00" modifier="" scancode="0x05" top="352" width="25"/>
    <KEY description="-" height="25" left="243" masterscancode="0x00" modifier="" scancode="0x2d" top="586" width="36"/>
    <KEY description="*" height="27" left="194" masterscancode="0x00" modifier="" scancode="0x2a" top="541" width="35"/>
    <KEY description="." height="20" left="91" masterscancode="0x00" modifier="" scancode="0x2e" top="628" width="35"/>
    <KEY description="/" height="27" left="244" masterscancode="0x00" modifier="" scancode="0x2f" top="542" width="35"/>
    <KEY description="+" height="24" left="194" masterscancode="0x00" modifier="" scancode="0x2b" top="586" width="33"/>
    <KEY description="On/Off" height="21" left="193" masterscancode="0x00" modifier="" scancode="0xb2" top="274" width="59"/>
    <KEY description="SHIFT1" height="20" left="39" masterscancode="0x00" modifier="" scancode="0x11" top="312" width="30"/>
    <KEY description="0" height="20" left="39" masterscancode="0x00" modifier="" scancode="0x30" top="628" width="35"/>
    <KEY description="1" height="20" left="41" masterscancode="0x00" modifier="" scancode="0x31" top="580" width="35"/>
    <KEY description="2" height="20" left="91" masterscancode="0x00" modifier="" scancode="0x32" top="583" width="35"/>
    <KEY description="3" height="20" left="142" masterscancode="0x00" modifier="" scancode="0x33" top="582" width="35"/>
    <KEY description="4" height="20" left="42" masterscancode="0x00" modifier="" scancode="0x34" top="539" width="35"/>
    <KEY description="5" height="20" left="90" masterscancode="0x00" modifier="" scancode="0x35" top="541" width="35"/>
    <KEY description="6" height="20" left="140" masterscancode="0x00" modifier="" scancode="0x36" top="544" width="35"/>
    <KEY description="7" height="20" left="40" masterscancode="0x00" modifier="" scancode="0x37" top="499" width="35"/>
    <KEY description="8" height="20" left="89" masterscancode="0x00" modifier="" scancode="0x38" top="500" width="35"/>
    <KEY description="9" height="20" left="142" masterscancode="0x00" modifier="" scancode="0x39" top="498" width="35"/>
    <KEY description="x^2" height="20" left="165" masterscancode="0x00" modifier="" scancode="0xe3" top="388" width="30"/>
    <KEY description="SQRT(x)" height="20" left="122" masterscancode="0x00" modifier="" scancode="0xe4" top="385" width="30"/>
    <KEY description="Ln" height="20" left="246" masterscancode="0x00" modifier="" scancode="0xeb" top="387" width="31"/>
    <KEY description="Log" height="20" left="207" masterscancode="0x00" modifier="" scancode="0xea" top="386" width="31"/>
    <KEY description="A" height="20" left="39" masterscancode="0x00" modifier="" scancode="0x41" top="420" width="30"/>
    <KEY description="B" height="20" left="80" masterscancode="0x00" modifier="" scancode="0x42" top="424" width="30"/>
    <KEY description="C" height="20" left="123" masterscancode="0x00" modifier="" scancode="0x43" top="423" width="30"/>
    <KEY description="D" height="20" left="164" masterscancode="0x00" modifier="" scancode="0x44" top="424" width="30"/>
    <KEY description="E" height="20" left="205" masterscancode="0x00" modifier="" scancode="0x45" top="422" width="30"/>
    <KEY description="F" height="20" left="249" masterscancode="0x00" modifier="" scancode="0x46" top="423" width="30"/>
    <KEY description="G" height="20" left="39" masterscancode="0x00" modifier="" scancode="0x47" top="460" width="29"/>
    <KEY description="H" height="17" left="83" masterscancode="0x00" modifier="" scancode="0x48" top="461" width="30"/>
    <KEY description="I" height="15" left="124" masterscancode="0x00" modifier="" scancode="0x49" top="462" width="30"/>
    <KEY description="J" height="15" left="166" masterscancode="0x00" modifier="" scancode="0x4a" top="461" width="30"/>
    <KEY description="K" height="20" left="205" masterscancode="0x00" modifier="" scancode="0x4b" top="460" width="30"/>
    <KEY description="L" height="20" left="249" masterscancode="0x00" modifier="" scancode="0x4c" top="461" width="30"/>
    <KEY description="Alpha" height="20" left="82" masterscancode="0x00" modifier="" scancode="0x250" top="314" width="30"/>
    <KEY description="Init" height="20" left="292" masterscancode="0x00" modifier="" scancode="0x251" top="4" width="20"/>
    <KEY description="Disp" height="20" left="40" masterscancode="0x00" modifier="" scancode="0x252" top="349" width="30"/>
    <KEY description="Graph" height="20" left="81" masterscancode="0x00" modifier="" scancode="0x253" top="350" width="30"/>
    <KEY description="Range" height="20" left="122" masterscancode="0x00" modifier="" scancode="0x254" top="351" width="31"/>
    <KEY description="Prog" height="20" left="122" masterscancode="0x00" modifier="" scancode="0x256" top="314" width="31"/>
    <KEY description="G&lt;-&gt;T" height="20" left="249" masterscancode="0x00" modifier="" scancode="0x255" top="352" width="31"/>
    <KEY description="AC" height="24" left="244" masterscancode="0x00" modifier="" scancode="0x23c" top="501" width="33"/>
    <KEY description="DEL" height="24" left="191" masterscancode="0x00" modifier="" scancode="0x0a" top="501" width="33"/>
    <KEY description="Exp" height="24" left="142" masterscancode="0x00" modifier="" scancode="0xe6" top="625" width="33"/>
</Keyboard>
</KEYBMAP>
