    <!--KEY description="CLOSE" height="55" left="502" scancode="0x10" top="2" width="130"/-->
    <!DOCTYPE KEYBMAP><KEYBMAP version="1.0">
    <model>pb1000</model>
    <Keyboard>
        <KEY description="Dbl Quote" height="18" left="71" masterscancode="0x00" modifier="" scancode="0x22" top="437" view="FRONT" width="25"/>
        <KEY description="$" height="18" left="110" masterscancode="0x00" modifier="" scancode="0x24" top="437" view="FRONT" width="25"/>
        <KEY description="&amp;" height="18" left="151" masterscancode="0x00" modifier="" scancode="0x26" top="438" view="FRONT" width="25"/>
        <KEY description="-" height="22" left="586" masterscancode="0x00" modifier="" scancode="0x2d" top="531" view="FRONT" width="25"/>
        <KEY description="(" height="21" left="547" masterscancode="0x00" modifier="" scancode="0x28" top="452" view="FRONT" width="27"/>
        <KEY description=")" height="21" left="586" masterscancode="0x00" modifier="" scancode="0x29" top="451" view="FRONT" width="27"/>
        <KEY description="*" height="22" left="544" masterscancode="0x00" modifier="" scancode="0x2a" top="491" view="FRONT" width="32"/>
        <KEY description="," height="16" left="307" masterscancode="0x00" modifier="" scancode="0x2c" top="439" view="FRONT" width="25"/>
        <KEY description="." height="22" left="466" masterscancode="0x00" modifier="" scancode="0x2e" top="569" view="FRONT" width="32"/>
        <KEY description="/" height="22" left="583" masterscancode="0x00" modifier="" scancode="0x2f" top="491" view="FRONT" width="32"/>
        <KEY description=":" height="16" left="268" masterscancode="0x00" modifier="" scancode="0x3a" top="438" view="FRONT" width="25"/>
        <KEY description=";" height="16" left="228" masterscancode="0x00" modifier="" scancode="0x3b" top="439" view="FRONT" width="25"/>
        <KEY description="+" height="22" left="545" masterscancode="0x00" modifier="" scancode="0x2b" top="531" view="FRONT" width="32"/>
        <KEY delay="3" description="OFF" height="16" left="37" masterscancode="0x00" modifier="" scancode="0xc8" top="392" view="FRONT" width="25"/>
        <KEY description="ON" height="16" left="66" masterscancode="0x00" modifier="" scancode="0xc7" top="391" view="FRONT" width="25"/>
        <KEY description="CLS" height="21" left="469" masterscancode="0x00" modifier="" scancode="0xef" top="411" view="FRONT" width="27"/>
        <KEY description="Down Arrow" height="34" left="510" masterscancode="0x00" modifier="" scancode="0x04" top="274" view="FRONT" width="36"/>
        <KEY description="EXE Keyboard" height="23" left="548" masterscancode="0x00" modifier="" scancode="0x0d" top="569" view="FRONT" width="66"/>
        <KEY description="EXE Touch" height="34" left="548" masterscancode="0x00" modifier="" scancode="0x0d" top="274" view="FRONT" width="36"/>
        <KEY description="Equal" height="17" left="189" masterscancode="0x00" modifier="" scancode="0x3d" top="437" view="FRONT" width="28"/>
        <KEY description="INS" height="25" left="546" masterscancode="0x00" modifier="" scancode="0x09" top="409" view="FRONT" width="32"/>
        <KEY description="Left Arrow" height="34" left="393" masterscancode="0x00" modifier="" scancode="0x06" top="274" view="FRONT" width="36"/>
        <KEY description="MODE" height="16" left="1" masterscancode="0x00" modifier="" scancode="0x08" top="0" view="FRONT" width="25"/>
        <KEY description="On/Brk" height="21" left="428" masterscancode="0x00" modifier="" scancode="0x03" top="411" view="FRONT" width="27"/>
        <KEY description="Rigth Arrow" height="34" left="432" masterscancode="0x00" modifier="" scancode="0x07" top="273" view="FRONT" width="36"/>
        <KEY description="Shift" height="20" left="29" masterscancode="0x00" modifier="" scancode="0x11" top="574" view="FRONT" width="57"/>
        <KEY description="Shift2" height="20" left="362" masterscancode="0x00" modifier="" scancode="0x12" top="574" view="FRONT" width="52"/>
        <KEY description="BS" height="28" left="506" masterscancode="0x00" modifier="" scancode="0xd6" top="407" view="FRONT" width="29"/>
        <KEY description="[F]" height="20" left="26" masterscancode="0x00" modifier="" scancode="0xf6" top="435" view="FRONT" width="35"/>
        <KEY description="SML" height="16" left="33" masterscancode="0x00" modifier="" scancode="0x14" top="541" view="FRONT" width="25"/>
        <KEY description="ANS" height="21" left="508" masterscancode="0x00" modifier="" scancode="0xdc" top="572" view="FRONT" width="27"/>
        <KEY description="Space" height="17" left="136" masterscancode="0x00" modifier="" scancode="0x20" top="575" view="FRONT" width="172"/>
        <KEY description="Up Arrow" height="34" left="471" masterscancode="0x00" modifier="" scancode="0x05" top="274" view="FRONT" width="36"/>
        <KEY description="0" height="22" left="429" masterscancode="0x00" modifier="" scancode="0x30" top="569" view="FRONT" width="27"/>
        <KEY description="1" height="22" left="430" masterscancode="0x00" modifier="" scancode="0x31" top="529" view="FRONT" width="27"/>
        <KEY description="2" height="22" left="468" masterscancode="0x00" modifier="" scancode="0x32" top="531" view="FRONT" width="32"/>
        <KEY description="3" height="22" left="505" masterscancode="0x00" modifier="" scancode="0x33" top="530" view="FRONT" width="32"/>
        <KEY description="4" height="22" left="427" masterscancode="0x00" modifier="" scancode="0x34" top="490" view="FRONT" width="32"/>
        <KEY description="5" height="22" left="465" masterscancode="0x00" modifier="" scancode="0x35" top="491" view="FRONT" width="32"/>
        <KEY description="6" height="22" left="506" masterscancode="0x00" modifier="" scancode="0x36" top="492" view="FRONT" width="32"/>
        <KEY description="7" height="22" left="427" masterscancode="0x00" modifier="" scancode="0x37" top="451" view="FRONT" width="32"/>
        <KEY description="8" height="22" left="467" masterscancode="0x00" modifier="" scancode="0x38" top="451" view="FRONT" width="32"/>
        <KEY description="9" height="22" left="506" masterscancode="0x00" modifier="" scancode="0x39" top="451" view="FRONT" width="32"/>
        <KEY description="A" height="16" left="43" masterscancode="0x00" modifier="" scancode="0x61" top="506" view="FRONT" width="25"/>
        <KEY description="B" height="16" left="230" masterscancode="0x00" modifier="" scancode="0x62" top="543" view="FRONT" width="25"/>
        <KEY description="C" height="16" left="150" masterscancode="0x00" modifier="" scancode="0x63" top="540" view="FRONT" width="25"/>
        <KEY description="D" height="16" left="121" masterscancode="0x00" modifier="" scancode="0x64" top="508" view="FRONT" width="25"/>
        <KEY description="E" height="16" left="112" masterscancode="0x00" modifier="" scancode="0x65" top="473" view="FRONT" width="25"/>
        <KEY description="F" height="16" left="161" masterscancode="0x00" modifier="" scancode="0x66" top="505" view="FRONT" width="25"/>
        <KEY description="G" height="16" left="201" masterscancode="0x00" modifier="" scancode="0x67" top="507" view="FRONT" width="25"/>
        <KEY description="H" height="16" left="239" masterscancode="0x00" modifier="" scancode="0x68" top="507" view="FRONT" width="25"/>
        <KEY description="I" height="16" left="308" masterscancode="0x00" modifier="" scancode="0x69" top="474" view="FRONT" width="25"/>
        <KEY description="J" height="16" left="280" masterscancode="0x00" modifier="" scancode="0x6a" top="508" view="FRONT" width="25"/>
        <KEY description="K" height="16" left="317" masterscancode="0x00" modifier="" scancode="0x6b" top="507" view="FRONT" width="25"/>
        <KEY description="L" height="16" left="359" masterscancode="0x00" modifier="" scancode="0x6c" top="507" view="FRONT" width="25"/>
        <KEY description="M" height="16" left="308" masterscancode="0x00" modifier="" scancode="0x6d" top="543" view="FRONT" width="25"/>
        <KEY description="N" height="16" left="268" masterscancode="0x00" modifier="" scancode="0x6e" top="542" view="FRONT" width="25"/>
        <KEY description="O" height="16" left="349" masterscancode="0x00" modifier="" scancode="0x6f" top="473" view="FRONT" width="25"/>
        <KEY description="P" height="16" left="387" masterscancode="0x00" modifier="" scancode="0x70" top="474" view="FRONT" width="25"/>
        <KEY description="Q" height="16" left="31" masterscancode="0x00" modifier="" scancode="0x71" top="472" view="FRONT" width="25"/>
        <KEY description="R" height="16" left="151" masterscancode="0x00" modifier="" scancode="0x72" top="472" view="FRONT" width="25"/>
        <KEY description="S" height="16" left="82" masterscancode="0x00" modifier="" scancode="0x73" top="506" view="FRONT" width="25"/>
        <KEY description="T" height="16" left="190" masterscancode="0x00" modifier="" scancode="0x74" top="472" view="FRONT" width="25"/>
        <KEY description="U" height="16" left="270" masterscancode="0x00" modifier="" scancode="0x75" top="472" view="FRONT" width="25"/>
        <KEY description="V" height="16" left="190" masterscancode="0x00" modifier="" scancode="0x76" top="542" view="FRONT" width="25"/>
        <KEY description="W" height="16" left="71" masterscancode="0x00" modifier="" scancode="0x77" top="472" view="FRONT" width="25"/>
        <KEY description="X" height="16" left="111" masterscancode="0x00" modifier="" scancode="0x78" top="541" view="FRONT" width="25"/>
        <KEY description="Y" height="16" left="230" masterscancode="0x00" modifier="" scancode="0x79" top="473" view="FRONT" width="25"/>
        <KEY description="Z" height="16" left="72" masterscancode="0x00" modifier="" scancode="0x7a" top="541" view="FRONT" width="25"/>
        <KEY description="MENU" height="34" left="121" masterscancode="0x00" modifier="" scancode="0xda" top="272" view="FRONT" width="36"/>
        <KEY description="CAL" height="34" left="160" masterscancode="0x00" modifier="" scancode="0xe1" top="273" view="FRONT" width="36"/>
        <KEY description="Touch SCREEN 00" height="16" left="90" masterscancode="0x00" modifier="" scancode="0x100" top="130" view="FRONT" width="96"/>
        <KEY description="Touch SCREEN 01" height="16" left="90" masterscancode="0x00" modifier="" scancode="0x101" top="146" view="FRONT" width="96"/>
        <KEY description="Touch SCREEN 02" height="16" left="90" masterscancode="0x00" modifier="" scancode="0x102" top="162" view="FRONT" width="96"/>
        <KEY description="Touch SCREEN 03" height="16" left="90" masterscancode="0x00" modifier="" scancode="0x103" top="178" view="FRONT" width="96"/>
        <KEY description="Touch SCREEN 10" height="16" left="186" masterscancode="0x00" modifier="" scancode="0x110" top="130" view="FRONT" width="96"/>
        <KEY description="Touch SCREEN 11" height="16" left="186" masterscancode="0x00" modifier="" scancode="0x111" top="146" view="FRONT" width="96"/>
        <KEY description="Touch SCREEN 12" height="16" left="186" masterscancode="0x00" modifier="" scancode="0x112" top="162" view="FRONT" width="96"/>
        <KEY description="Touch SCREEN 13" height="16" left="186" masterscancode="0x00" modifier="" scancode="0x113" top="178" view="FRONT" width="96"/>
        <KEY description="Touch SCREEN 20" height="16" left="282" masterscancode="0x00" modifier="" scancode="0x120" top="130" view="FRONT" width="96"/>
        <KEY description="Touch SCREEN 21" height="16" left="282" masterscancode="0x00" modifier="" scancode="0x121" top="146" view="FRONT" width="96"/>
        <KEY description="Touch SCREEN 22" height="16" left="282" masterscancode="0x00" modifier="" scancode="0x122" top="162" view="FRONT" width="96"/>
        <KEY description="Touch SCREEN 23" height="16" left="282" masterscancode="0x00" modifier="" scancode="0x123" top="178" view="FRONT" width="96"/>
        <KEY description="Touch SCREEN 30" height="16" left="378" masterscancode="0x00" modifier="" scancode="0x130" top="130" view="FRONT" width="96"/>
        <KEY description="Touch SCREEN 31" height="16" left="378" masterscancode="0x00" modifier="" scancode="0x131" top="146" view="FRONT" width="96"/>
        <KEY description="Touch SCREEN 32" height="16" left="378" masterscancode="0x00" modifier="" scancode="0x132" top="162" view="FRONT" width="96"/>
        <KEY description="Touch SCREEN 33" height="16" left="378" masterscancode="0x00" modifier="" scancode="0x133" top="178" view="FRONT" width="96"/>
        <KEY delay="3" description="NEW ALL" height="16" left="344" masterscancode="0x00" modifier="" scancode="0x200" top="404" view="FRONT" width="32"/>
        <KEY delay="3" description="RESET" height="20" left="389" masterscancode="0x00" modifier="" scancode="0x20d" top="401" view="FRONT" width="20"/>
        <KEY description="LCKEY" height="34" left="82" masterscancode="0x00" modifier="" scancode="0x201" top="271" view="FRONT" width="36"/>
        <KEY description="CALC" height="34" left="355" masterscancode="0x00" modifier="" scancode="0x202" top="274" view="FRONT" width="36"/>
        <KEY description="MEMO" height="34" left="199" masterscancode="0x00" modifier="" scancode="0x203" top="273" view="FRONT" width="36"/>
        <KEY description="OUT" height="34" left="315" masterscancode="0x00" modifier="" scancode="0x204" top="273" view="FRONT" width="36"/>
        <KEY description="IN" height="34" left="278" masterscancode="0x00" modifier="" scancode="0x205" top="274" view="FRONT" width="36"/>
        <KEY description="MEMO IN" height="34" left="237" masterscancode="0x00" modifier="" scancode="0x206" top="273" view="FRONT" width="36"/>
        </Keyboard>
    </KEYBMAP>
