<!DOCTYPE KEYBMAP><KEYBMAP version="1.0">
<model>pc1245</model>
<Keyboard>
    <KEY description="11pins connector" height="137" left="6" masterscancode="0x00" modifier="" scancode="0x240" top="89" view="LEFT" width="14"/>
    <KEY delay="3" description="RESET" height="30" left="10" masterscancode="0x00" modifier="" scancode="0x20d" top="140" view="BACK" width="70"/>
    <KEY description="-" height="16" left="437" masterscancode="0x00" modifier="" scancode="0x2d" top="215" view="FRONT" width="25"/>
    <KEY description="*" height="16" left="437" masterscancode="0x00" modifier="" scancode="0x2a" top="181" view="FRONT" width="25"/>
    <KEY description="." height="16" left="352" masterscancode="0x00" modifier="" scancode="0x2e" top="215" view="FRONT" width="25"/>
    <KEY description="/" height="16" left="438" masterscancode="0x00" modifier="" scancode="0x2f" top="146" view="FRONT" width="25"/>
    <KEY description="+" height="16" left="394" masterscancode="0x00" modifier="" scancode="0x2b" top="215" view="FRONT" width="25"/>
    <KEY description="CLS" height="16" left="436" masterscancode="0x00" modifier="" scancode="0x0c" top="112" view="FRONT" width="25"/>
    <KEY description="DEF" height="13" left="18" masterscancode="0x00" modifier="" scancode="0x0b" top="114" view="FRONT" width="21"/>
    <KEY description="Down Arrow" height="13" left="102" masterscancode="0x00" modifier="" scancode="0x04" top="114" view="FRONT" width="21"/>
    <KEY description="ENTER" height="14" left="248" masterscancode="0x00" modifier="" scancode="0x0d" top="216" view="FRONT" width="44"/>
    <KEY description="Equal" height="13" left="278" masterscancode="0x00" modifier="" scancode="0x3d" top="181" view="FRONT" width="13"/>
    <KEY description="Left Arrow" height="13" left="185" masterscancode="0x00" modifier="" scancode="0x06" top="115" view="FRONT" width="21"/>
    <KEY description="MODE" height="31" left="447" masterscancode="0x00" modifier="" scancode="0x08" top="30" view="FRONT" width="16"/>
    <KEY description="On/Brk" height="13" left="268" masterscancode="0x00" modifier="" scancode="0x03" top="114" view="FRONT" width="21"/>
    <KEY description="Power On" height="20" left="443" masterscancode="0x00" modifier="" scancode="0xc7" top="11" view="FRONT" width="20"/>
    <KEY delay="3" description="Power Off" height="20" left="443" masterscancode="0x00" modifier="" scancode="0xc8" top="65" view="FRONT" width="20"/>
    <KEY description="Rigth Arrow" height="13" left="226" masterscancode="0x00" modifier="" scancode="0x07" top="114" view="FRONT" width="21"/>
    <KEY description="SHIFT1" height="13" left="61" masterscancode="0x00" modifier="" scancode="0x11" top="115" view="FRONT" width="21"/>
    <KEY description="Space" height="13" left="220" masterscancode="0x00" modifier="" scancode="0x20" top="218" view="FRONT" width="13"/>
    <KEY description="Up Arrow" height="13" left="144" masterscancode="0x00" modifier="" scancode="0x05" top="115" view="FRONT" width="21"/>
    <KEY description="0" height="16" left="308" masterscancode="0x00" modifier="" scancode="0x30" top="216" view="FRONT" width="25"/>
    <KEY description="1" height="16" left="308" masterscancode="0x00" modifier="" scancode="0x31" top="181" view="FRONT" width="25"/>
    <KEY description="2" height="16" left="351" masterscancode="0x00" modifier="" scancode="0x32" top="182" view="FRONT" width="25"/>
    <KEY description="3" height="16" left="394" masterscancode="0x00" modifier="" scancode="0x33" top="181" view="FRONT" width="25"/>
    <KEY description="4" height="16" left="308" masterscancode="0x00" modifier="" scancode="0x34" top="147" view="FRONT" width="25"/>
    <KEY description="5" height="16" left="352" masterscancode="0x00" modifier="" scancode="0x35" top="147" view="FRONT" width="25"/>
    <KEY description="6" height="16" left="395" masterscancode="0x00" modifier="" scancode="0x36" top="146" view="FRONT" width="25"/>
    <KEY description="7" height="16" left="307" masterscancode="0x00" modifier="" scancode="0x37" top="111" view="FRONT" width="25"/>
    <KEY description="8" height="16" left="351" masterscancode="0x00" modifier="" scancode="0x38" top="112" view="FRONT" width="25"/>
    <KEY description="9" height="16" left="393" masterscancode="0x00" modifier="" scancode="0x39" top="112" view="FRONT" width="25"/>
    <KEY description="A" height="13" left="18" masterscancode="0x00" modifier="" scancode="0x61" top="182" view="FRONT" width="13"/>
    <KEY description="B" height="13" left="135" masterscancode="0x00" modifier="" scancode="0x62" top="218" view="FRONT" width="13"/>
    <KEY description="C" height="13" left="77" masterscancode="0x00" modifier="" scancode="0x63" top="217" view="FRONT" width="13"/>
    <KEY description="D" height="13" left="76" masterscancode="0x00" modifier="" scancode="0x64" top="183" view="FRONT" width="13"/>
    <KEY description="E" height="13" left="76" masterscancode="0x00" modifier="" scancode="0x65" top="149" view="FRONT" width="13"/>
    <KEY description="F" height="13" left="104" masterscancode="0x00" modifier="" scancode="0x66" top="182" view="FRONT" width="13"/>
    <KEY description="G" height="13" left="133" masterscancode="0x00" modifier="" scancode="0x67" top="183" view="FRONT" width="13"/>
    <KEY description="H" height="13" left="163" masterscancode="0x00" modifier="" scancode="0x68" top="183" view="FRONT" width="13"/>
    <KEY description="I" height="13" left="220" masterscancode="0x00" modifier="" scancode="0x69" top="147" view="FRONT" width="13"/>
    <KEY description="J" height="13" left="191" masterscancode="0x00" modifier="" scancode="0x6a" top="182" view="FRONT" width="13"/>
    <KEY description="K" height="13" left="220" masterscancode="0x00" modifier="" scancode="0x6b" top="183" view="FRONT" width="13"/>
    <KEY description="L" height="13" left="248" masterscancode="0x00" modifier="" scancode="0x6c" top="182" view="FRONT" width="13"/>
    <KEY description="M" height="13" left="191" masterscancode="0x00" modifier="" scancode="0x6d" top="217" view="FRONT" width="13"/>
    <KEY description="N" height="13" left="162" masterscancode="0x00" modifier="" scancode="0x6e" top="218" view="FRONT" width="13"/>
    <KEY description="O" height="13" left="250" masterscancode="0x00" modifier="" scancode="0x6f" top="148" view="FRONT" width="13"/>
    <KEY description="P" height="13" left="278" masterscancode="0x00" modifier="" scancode="0x70" top="148" view="FRONT" width="13"/>
    <KEY description="Q" height="13" left="18" masterscancode="0x00" modifier="" scancode="0x71" top="149" view="FRONT" width="13"/>
    <KEY description="R" height="13" left="105" masterscancode="0x00" modifier="" scancode="0x72" top="149" view="FRONT" width="13"/>
    <KEY description="S" height="13" left="46" masterscancode="0x00" modifier="" scancode="0x73" top="184" view="FRONT" width="13"/>
    <KEY description="T" height="13" left="133" masterscancode="0x00" modifier="" scancode="0x74" top="149" view="FRONT" width="13"/>
    <KEY description="U" height="13" left="192" masterscancode="0x00" modifier="" scancode="0x75" top="149" view="FRONT" width="13"/>
    <KEY description="V" height="13" left="105" masterscancode="0x00" modifier="" scancode="0x76" top="218" view="FRONT" width="13"/>
    <KEY description="W" height="13" left="48" masterscancode="0x00" modifier="" scancode="0x77" top="148" view="FRONT" width="13"/>
    <KEY description="X" height="13" left="48" masterscancode="0x00" modifier="" scancode="0x78" top="217" view="FRONT" width="13"/>
    <KEY description="Y" height="13" left="162" masterscancode="0x00" modifier="" scancode="0x79" top="148" view="FRONT" width="13"/>
    <KEY description="Z" height="13" left="18" masterscancode="0x00" modifier="" scancode="0x7a" top="218" view="FRONT" width="13"/>
    <KEY description="!" height="0" left="0" masterscancode="0x71" modifier="2nd" scancode="0x00" top="0" view="FRONT" width="0"/>
    <KEY description="&quot;" height="0" left="0" masterscancode="0x77" modifier="2nd" scancode="0x00" top="0" view="FRONT" width="0"/>
    <KEY description="#" height="0" left="0" masterscancode="0x65" modifier="2nd" scancode="0x00" top="0" view="FRONT" width="0"/>
    <KEY description="$" height="0" left="0" masterscancode="0x72" modifier="2nd" scancode="0x00" top="0" view="FRONT" width="0"/>
    <KEY description="%" height="0" left="0" masterscancode="0x74" modifier="2nd" scancode="0x00" top="0" view="FRONT" width="0"/>
    <KEY description="&amp;" height="0" left="0" masterscancode="0x79" modifier="2nd" scancode="0x00" top="0" view="FRONT" width="0"/>
    <KEY description="?" height="0" left="0" masterscancode="0x75" modifier="2nd" scancode="0x00" top="0" view="FRONT" width="0"/>
    <KEY description=":" height="0" left="0" masterscancode="0x69" modifier="2nd" scancode="0x00" top="0" view="FRONT" width="0"/>
    <KEY description="," height="0" left="0" masterscancode="0x6f" modifier="2nd" scancode="0x00" top="0" view="FRONT" width="0"/>
    <KEY description=";" height="0" left="0" masterscancode="0x70" modifier="2nd" scancode="0x00" top="0" view="FRONT" width="0"/>
    <KEY description="^" height="0" left="0" masterscancode="0x2f" modifier="2nd" scancode="0x00" top="0" view="FRONT" width="0"/>
    <KEY description="&lt;" height="0" left="0" masterscancode="0x2a" modifier="2nd" scancode="0x00" top="0" view="FRONT" width="0"/>
    <KEY description="&gt;" height="0" left="0" masterscancode="0x2d" modifier="2nd" scancode="0x00" top="0" view="FRONT" width="0"/>
    <KEY description="(" height="0" left="0" masterscancode="0x31" modifier="2nd" scancode="0x00" top="0" view="FRONT" width="0"/>
    <KEY description=")" height="0" left="0" masterscancode="0x32" modifier="2nd" scancode="0x00" top="0" view="FRONT" width="0"/>
    <KEY description="@" height="0" left="0" masterscancode="0x33" modifier="2nd" scancode="0x00" top="0" view="FRONT" width="0"/>
</Keyboard>
</KEYBMAP>
