<!DOCTYPE KEYBMAP><KEYBMAP version="1.0">
<model>pc1253</model>
<Keyboard>
    <KEY description="-" height="16" left="351" masterscancode="0x00" modifier="" scancode="0x2d" top="182" view="FRONT" width="25"/>
    <KEY description="SQR" height="16" left="395" masterscancode="0x00" modifier="" scancode="0xe3" top="181" view="FRONT" width="25"/>
    <KEY description="CE" height="16" left="394" masterscancode="0x00" modifier="" scancode="0x23c" top="147" view="FRONT" width="25"/>
    <KEY description="*" height="16" left="350" masterscancode="0x00" modifier="" scancode="0x2a" top="145" view="FRONT" width="25"/>
    <KEY description="%" height="16" left="352" masterscancode="0x00" modifier="" scancode="0x25" top="181" view="FRONT" width="25"/>
    <KEY description="." height="16" left="266" masterscancode="0x00" modifier="" scancode="0x2e" top="216" view="FRONT" width="25"/>
    <KEY description="/" height="16" left="352" masterscancode="0x00" modifier="" scancode="0x2f" top="114" view="FRONT" width="25"/>
    <KEY description="IN" height="13" left="19" masterscancode="0x00" modifier="" scancode="0x205" top="217" view="FRONT" width="13"/>
    <KEY description="OUT" height="13" left="48" masterscancode="0x00" modifier="" scancode="0x204" top="218" view="FRONT" width="13"/>
    <KEY description="+" height="16" left="349" masterscancode="0x00" modifier="" scancode="0x2b" top="217" view="FRONT" width="25"/>
    <KEY description="CLS" height="16" left="394" masterscancode="0x00" modifier="" scancode="0x0c" top="113" view="FRONT" width="25"/>
    <KEY description="CM" height="16" left="437" masterscancode="0x00" modifier="" scancode="0x25c" top="112" view="FRONT" width="25"/>
    <KEY description="RM" height="16" left="437" masterscancode="0x00" modifier="" scancode="0xf5" top="146" view="FRONT" width="25"/>
    <KEY description="M+" height="16" left="438" masterscancode="0x00" modifier="" scancode="0xee" top="214" view="FRONT" width="25"/>
    <KEY description="M-" height="16" left="438" masterscancode="0x00" modifier="" scancode="0xaa" top="181" view="FRONT" width="25"/>
    <KEY description="ENTER" height="22" left="92" masterscancode="0x00" modifier="" scancode="0x0d" top="213" view="FRONT" width="70"/>
    <KEY description="Equal" height="16" left="394" masterscancode="0x00" modifier="" scancode="0x3d" top="216" view="FRONT" width="25"/>
    <KEY description="On/Brk" height="16" left="25" masterscancode="0x00" modifier="" scancode="0x03" top="182" view="FRONT" width="25"/>
    <KEY description="On/Off" height="42" left="441" masterscancode="0x00" modifier="" scancode="0xb2" top="26" view="FRONT" width="30"/>
    <KEY description="0" height="16" left="222" masterscancode="0x00" modifier="" scancode="0x30" top="217" view="FRONT" width="25"/>
    <KEY description="1" height="16" left="222" masterscancode="0x00" modifier="" scancode="0x31" top="181" view="FRONT" width="25"/>
    <KEY description="2" height="16" left="265" masterscancode="0x00" modifier="" scancode="0x32" top="181" view="FRONT" width="25"/>
    <KEY description="3" height="16" left="309" masterscancode="0x00" modifier="" scancode="0x33" top="182" view="FRONT" width="25"/>
    <KEY description="4" height="16" left="222" masterscancode="0x00" modifier="" scancode="0x34" top="147" view="FRONT" width="25"/>
    <KEY description="5" height="16" left="265" masterscancode="0x00" modifier="" scancode="0x35" top="146" view="FRONT" width="25"/>
    <KEY description="6" height="16" left="309" masterscancode="0x00" modifier="" scancode="0x36" top="146" view="FRONT" width="25"/>
    <KEY description="7" height="16" left="222" masterscancode="0x00" modifier="" scancode="0x37" top="112" view="FRONT" width="25"/>
    <KEY description="8" height="16" left="265" masterscancode="0x00" modifier="" scancode="0x38" top="113" view="FRONT" width="25"/>
    <KEY description="9" height="16" left="308" masterscancode="0x00" modifier="" scancode="0x39" top="111" view="FRONT" width="25"/>
    <KEY description="A" height="20" left="25" masterscancode="0x00" modifier="" scancode="0x61" top="111" view="FRONT" width="28"/>
    <KEY description="B" height="20" left="69" masterscancode="0x00" modifier="" scancode="0x62" top="111" view="FRONT" width="28"/>
    <KEY description="C" height="20" left="110" masterscancode="0x00" modifier="" scancode="0x63" top="111" view="FRONT" width="28"/>
    <KEY description="D" height="20" left="154" masterscancode="0x00" modifier="" scancode="0x64" top="111" view="FRONT" width="28"/>
    <KEY description="J" height="20" left="24" masterscancode="0x00" modifier="" scancode="0x6a" top="146" view="FRONT" width="28"/>
    <KEY description="K" height="20" left="68" masterscancode="0x00" modifier="" scancode="0x6b" top="147" view="FRONT" width="28"/>
    <KEY description="L" height="20" left="112" masterscancode="0x00" modifier="" scancode="0x6c" top="147" view="FRONT" width="28"/>
    <KEY description="M" height="20" left="154" masterscancode="0x00" modifier="" scancode="0x6d" top="147" view="FRONT" width="28"/>
    <KEY description="NO" height="20" left="133" masterscancode="0x00" modifier="" scancode="0x6e" top="179" view="FRONT" width="28"/>
    <KEY description="YES" height="20" left="91" masterscancode="0x00" modifier="" scancode="0x6f" top="180" view="FRONT" width="28"/>
</Keyboard>
</KEYBMAP>
