<!DOCTYPE KEYBMAP><KEYBMAP version="1.0">
<model>pc1475</model>
<Keyboard>
<KEY description="Power Switch" height="21" left="592" masterscancode="0x00" modifier="" scancode="0x229" top="30" view="FRONT" width="21"/>
    <KEY delay="3" description="RESET" height="50" left="249" masterscancode="0x00" modifier="" scancode="0x20d" top="13" view="BACK" width="30"/>
    <KEY description="Left Connector" height="125" left="5" masterscancode="0x00" modifier="" scancode="0x240" top="90" view="LEFT" width="15"/>
    <KEY description="S1" height="190" left="68" masterscancode="0x00" modifier="" scancode="0x241" top="31" view="BACK" width="140"/>
    <KEY description="S2" height="190" left="322" masterscancode="0x00" modifier="" scancode="0x242" top="31" view="BACK" width="140"/>
    <KEY description="Open S1" height="30" left="252" masterscancode="0x00" modifier="" scancode="0x243" top="108" view="BACK" width="25"/>
    <KEY description="Lock S1-S2" height="50" left="251" masterscancode="0x00" modifier="" scancode="0x244" top="139" view="BACK" width="25"/>
    <KEY description="Open S2" height="30" left="252" masterscancode="0x00" modifier="" scancode="0x245" top="189" view="BACK" width="25"/>
    <KEY description="-" height="22" left="540" masterscancode="0x00" modifier="" scancode="0x2d" top="178" view="FRONT" width="32"/>
    <KEY description="(" height="16" left="554" masterscancode="0x00" modifier="" scancode="0x28" top="74" view="FRONT" width="25"/>
    <KEY description=")" height="16" left="588" masterscancode="0x00" modifier="" scancode="0x29" top="75" view="FRONT" width="25"/>
    <KEY description="*" height="22" left="541" masterscancode="0x00" modifier="" scancode="0x2a" top="142" view="FRONT" width="32"/>
    <KEY description="," height="16" left="370" masterscancode="0x00" modifier="" scancode="0x2c" top="187" view="FRONT" width="25"/>
    <KEY description="." height="22" left="498" masterscancode="0x00" modifier="" scancode="0x2e" top="214" view="FRONT" width="32"/>
    <KEY description="/" height="22" left="541" masterscancode="0x00" modifier="" scancode="0x2f" top="105" view="FRONT" width="32"/>
    <KEY description=":" height="16" left="1" masterscancode="0x00" modifier="" scancode="0x3a" top="0" view="FRONT" width="25"/>
    <KEY description=";" height="16" left="1" masterscancode="0x00" modifier="" scancode="0x3b" top="0" view="FRONT" width="25"/>
    <KEY description="+" height="22" left="543" masterscancode="0x00" modifier="" scancode="0x2b" top="215" view="FRONT" width="32"/>
    <KEY description="CLS" height="16" left="588" masterscancode="0x00" modifier="" scancode="0xef" top="19" view="FRONT" width="25"/>
    <KEY description="DEF" height="16" left="22" masterscancode="0x00" modifier="" scancode="0xd5" top="188" view="FRONT" width="25"/>
    <KEY description="DEL" height="22" left="2" masterscancode="0x00" modifier="" scancode="0x0a" top="1" view="FRONT" width="32"/>
    <KEY description="Down Arrow" height="16" left="233" masterscancode="0x00" modifier="" scancode="0x04" top="125" view="FRONT" width="25"/>
    <KEY description="ENTER" height="16" left="339" masterscancode="0x00" modifier="" scancode="0x0d" top="220" view="FRONT" width="59"/>
    <KEY description="Equal" height="22" left="589" masterscancode="0x00" modifier="" scancode="0x3d" top="217" view="FRONT" width="32"/>
    <KEY description="INS" height="22" left="1" masterscancode="0x00" modifier="" scancode="0x09" top="-1" view="FRONT" width="32"/>
    <KEY description="Left Arrow" height="16" left="300" masterscancode="0x00" modifier="" scancode="0x06" top="125" view="FRONT" width="25"/>
    <KEY description="MODE" height="16" left="1" masterscancode="0x00" modifier="" scancode="0x08" top="0" view="FRONT" width="25"/>
    <KEY description="On/Brk" height="16" left="93" masterscancode="0x00" modifier="" scancode="0x03" top="126" view="FRONT" width="25"/>
    <KEY description="On/Off" height="21" left="22" masterscancode="0x00" modifier="" scancode="0xb2" top="54" view="FRONT" width="19"/>
    <KEY description="Rigth Arrow" height="16" left="335" masterscancode="0x00" modifier="" scancode="0x07" top="123" view="FRONT" width="25"/>
    <KEY description="SHIFT1" height="16" left="370" masterscancode="0x00" modifier="" scancode="0x11" top="125" view="FRONT" width="25"/>
    <KEY description="SHIFT2" height="16" left="22" masterscancode="0x00" modifier="" scancode="0x11" top="157" view="FRONT" width="25"/>
    <KEY description="SML" height="16" left="22" masterscancode="0x00" modifier="" scancode="0x14" top="220" view="FRONT" width="25"/>
    <KEY description="Space" height="16" left="301" masterscancode="0x00" modifier="" scancode="0x20" top="219" view="FRONT" width="25"/>
    <KEY description="Up Arrow" height="16" left="268" masterscancode="0x00" modifier="" scancode="0x05" top="126" view="FRONT" width="25"/>
    <KEY description="CAL" height="16" left="23" masterscancode="0x00" modifier="" scancode="0xe1" top="126" view="FRONT" width="25"/>
    <KEY description="0" height="22" left="415" masterscancode="0x00" modifier="" scancode="0x30" top="216" view="FRONT" width="32"/>
    <KEY description="1" height="22" left="415" masterscancode="0x00" modifier="" scancode="0x31" top="179" view="FRONT" width="32"/>
    <KEY description="2" height="22" left="457" masterscancode="0x00" modifier="" scancode="0x32" top="179" view="FRONT" width="32"/>
    <KEY description="3" height="22" left="499" masterscancode="0x00" modifier="" scancode="0x33" top="179" view="FRONT" width="32"/>
    <KEY description="4" height="22" left="419" masterscancode="0x00" modifier="" scancode="0x34" top="143" view="FRONT" width="32"/>
    <KEY description="5" height="22" left="457" masterscancode="0x00" modifier="" scancode="0x35" top="143" view="FRONT" width="32"/>
    <KEY description="6" height="22" left="498" masterscancode="0x00" modifier="" scancode="0x36" top="142" view="FRONT" width="32"/>
    <KEY description="7" height="22" left="414" masterscancode="0x00" modifier="" scancode="0x37" top="106" view="FRONT" width="32"/>
    <KEY description="8" height="22" left="455" masterscancode="0x00" modifier="" scancode="0x38" top="105" view="FRONT" width="32"/>
    <KEY description="9" height="22" left="497" masterscancode="0x00" modifier="" scancode="0x39" top="105" view="FRONT" width="32"/>
    <KEY description="A" height="16" left="56" masterscancode="0x00" modifier="" scancode="0x61" top="188" view="FRONT" width="25"/>
    <KEY description="B" height="16" left="199" masterscancode="0x00" modifier="" scancode="0x62" top="220" view="FRONT" width="25"/>
    <KEY description="C" height="16" left="127" masterscancode="0x00" modifier="" scancode="0x63" top="220" view="FRONT" width="25"/>
    <KEY description="D" height="16" left="128" masterscancode="0x00" modifier="" scancode="0x64" top="188" view="FRONT" width="25"/>
    <KEY description="E" height="16" left="129" masterscancode="0x00" modifier="" scancode="0x65" top="157" view="FRONT" width="25"/>
    <KEY description="F" height="16" left="164" masterscancode="0x00" modifier="" scancode="0x66" top="188" view="FRONT" width="25"/>
    <KEY description="G" height="16" left="198" masterscancode="0x00" modifier="" scancode="0x67" top="189" view="FRONT" width="25"/>
    <KEY description="H" height="16" left="233" masterscancode="0x00" modifier="" scancode="0x68" top="188" view="FRONT" width="25"/>
    <KEY description="I" height="16" left="304" masterscancode="0x00" modifier="" scancode="0x69" top="157" view="FRONT" width="25"/>
    <KEY description="J" height="16" left="268" masterscancode="0x00" modifier="" scancode="0x6a" top="189" view="FRONT" width="25"/>
    <KEY description="K" height="16" left="305" masterscancode="0x00" modifier="" scancode="0x6b" top="189" view="FRONT" width="25"/>
    <KEY description="L" height="16" left="339" masterscancode="0x00" modifier="" scancode="0x6c" top="189" view="FRONT" width="25"/>
    <KEY description="M" height="16" left="268" masterscancode="0x00" modifier="" scancode="0x6d" top="221" view="FRONT" width="25"/>
    <KEY description="N" height="16" left="234" masterscancode="0x00" modifier="" scancode="0x6e" top="220" view="FRONT" width="25"/>
    <KEY description="O" height="16" left="339" masterscancode="0x00" modifier="" scancode="0x6f" top="157" view="FRONT" width="25"/>
    <KEY description="P" height="16" left="375" masterscancode="0x00" modifier="" scancode="0x70" top="157" view="FRONT" width="25"/>
    <KEY description="Q" height="16" left="58" masterscancode="0x00" modifier="" scancode="0x71" top="157" view="FRONT" width="25"/>
    <KEY description="R" height="16" left="163" masterscancode="0x00" modifier="" scancode="0x72" top="157" view="FRONT" width="25"/>
    <KEY description="S" height="16" left="93" masterscancode="0x00" modifier="" scancode="0x73" top="189" view="FRONT" width="25"/>
    <KEY description="T" height="16" left="199" masterscancode="0x00" modifier="" scancode="0x74" top="156" view="FRONT" width="25"/>
    <KEY description="U" height="16" left="270" masterscancode="0x00" modifier="" scancode="0x75" top="157" view="FRONT" width="25"/>
    <KEY description="V" height="16" left="163" masterscancode="0x00" modifier="" scancode="0x76" top="219" view="FRONT" width="25"/>
    <KEY description="W" height="16" left="91" masterscancode="0x00" modifier="" scancode="0x77" top="156" view="FRONT" width="25"/>
    <KEY description="X" height="16" left="93" masterscancode="0x00" modifier="" scancode="0x78" top="221" view="FRONT" width="25"/>
    <KEY description="Y" height="16" left="233" masterscancode="0x00" modifier="" scancode="0x79" top="157" view="FRONT" width="25"/>
    <KEY description="Z" height="16" left="57" masterscancode="0x00" modifier="" scancode="0x7a" top="219" view="FRONT" width="25"/>
    <KEY description="BASIC" height="16" left="57" masterscancode="0x00" modifier="" scancode="0xe2" top="126" view="FRONT" width="25"/>
    <KEY description="+/-" height="22" left="462" masterscancode="0x00" modifier="" scancode="0xe0" top="217" view="FRONT" width="32"/>
    <KEY description="x^2" height="16" left="526" masterscancode="0x00" modifier="" scancode="0xe3" top="76" view="FRONT" width="25"/>
    <KEY description="SQRT(x)" height="16" left="486" masterscancode="0x00" modifier="" scancode="0xe4" top="76" view="FRONT" width="25"/>
    <KEY description="x^y" height="16" left="451" masterscancode="0x00" modifier="" scancode="0xe5" top="75" view="FRONT" width="25"/>
    <KEY description="Exp" height="16" left="415" masterscancode="0x00" modifier="" scancode="0xe6" top="76" view="FRONT" width="25"/>
    <KEY description="X:M" height="22" left="583" masterscancode="0x00" modifier="" scancode="0xe7" top="106" view="FRONT" width="32"/>
    <KEY description="Stat" height="16" left="590" masterscancode="0x00" modifier="" scancode="0xe8" top="47" view="FRONT" width="25"/>
    <KEY description="1/x" height="16" left="555" masterscancode="0x00" modifier="" scancode="0xe9" top="47" view="FRONT" width="25"/>
    <KEY description="Log" height="16" left="520" masterscancode="0x00" modifier="" scancode="0xea" top="48" view="FRONT" width="25"/>
    <KEY description="Ln" height="16" left="486" masterscancode="0x00" modifier="" scancode="0xeb" top="47" view="FRONT" width="25"/>
    <KEY description="Deg" height="16" left="451" masterscancode="0x00" modifier="" scancode="0xec" top="47" view="FRONT" width="25"/>
    <KEY description="Hex" height="16" left="419" masterscancode="0x00" modifier="" scancode="0xed" top="47" view="FRONT" width="25"/>
    <KEY description="M+" height="22" left="590" masterscancode="0x00" modifier="" scancode="0xee" top="179" view="FRONT" width="32"/>
    <KEY description="FSE" height="16" left="561" masterscancode="0x00" modifier="" scancode="0xf0" top="19" view="FRONT" width="25"/>
    <KEY description="Tan" height="16" left="525" masterscancode="0x00" modifier="" scancode="0xf1" top="19" view="FRONT" width="25"/>
    <KEY description="Cos" height="16" left="490" masterscancode="0x00" modifier="" scancode="0xf2" top="19" view="FRONT" width="25"/>
    <KEY description="Sin" height="16" left="456" masterscancode="0x00" modifier="" scancode="0xf3" top="20" view="FRONT" width="25"/>
    <KEY description="Hyp" height="16" left="420" masterscancode="0x00" modifier="" scancode="0xf4" top="19" view="FRONT" width="25"/>
    <KEY description="RM" height="22" left="588" masterscancode="0x00" modifier="" scancode="0xf5" top="143" view="FRONT" width="32"/>
    <KEY description="!" height="0" left="0" masterscancode="0x71" modifier="2nd" scancode="0x00" top="0" view="FRONT" width="0"/>
    <KEY description="&quot;" height="0" left="0" masterscancode="0x77" modifier="2nd" scancode="0x00" top="0" view="FRONT" width="0"/>
    <KEY description="#" height="0" left="0" masterscancode="0x65" modifier="2nd" scancode="0x00" top="0" view="FRONT" width="0"/>
    <KEY description="$" height="0" left="0" masterscancode="0x72" modifier="2nd" scancode="0x00" top="0" view="FRONT" width="0"/>
    <KEY description="%" height="0" left="0" masterscancode="0x74" modifier="2nd" scancode="0x00" top="0" view="FRONT" width="0"/>
    <KEY description="&amp;" height="0" left="0" masterscancode="0x79" modifier="2nd" scancode="0x00" top="0" view="FRONT" width="0"/>
    <KEY description="?" height="0" left="0" masterscancode="0x75" modifier="2nd" scancode="0x00" top="0" view="FRONT" width="0"/>
    <KEY description="@" height="0" left="0" masterscancode="0x69" modifier="2nd" scancode="0x00" top="0" view="FRONT" width="0"/>
    <KEY description=":" height="0" left="0" masterscancode="0x6a" modifier="2nd" scancode="0x00" top="0" view="FRONT" width="0"/>
    <KEY description=";" height="0" left="0" masterscancode="0x70" modifier="2nd" scancode="0x00" top="0" view="FRONT" width="0"/>
    <KEY description="&lt;" height="0" left="0" masterscancode="0x2a" modifier="2nd" scancode="0x00" top="0" view="FRONT" width="0"/>
    <KEY description="&gt;" height="0" left="0" masterscancode="0x2d" modifier="2nd" scancode="0x00" top="0" view="FRONT" width="0"/>
    <KEY description="^" height="0" left="0" masterscancode="0x2b" modifier="2nd" scancode="0x00" top="0" view="FRONT" width="0"/>
</Keyboard>
</KEYBMAP>
