<!DOCTYPE KEYBMAP><KEYBMAP version="1.0">
<model>pc1500a</model>
<Keyboard>
    <KEY description="-" height="16" left="580" scancode="0x2d" top="225" width="25"/>
    <KEY description="(" height="16" left="359" scancode="0x28" top="225" width="25"/>
    <KEY description=")" height="16" left="401" scancode="0x29" top="225" width="25"/>
    <KEY description="*" height="16" left="582" scancode="0x2a" top="192" width="25"/>
    <KEY description="," height="22" left="984" scancode="0x2c" top="218" width="32"/>
    <KEY description="." height="16" left="496" scancode="0x2e" top="258" width="25"/>
    <KEY description="/" height="16" left="580" scancode="0x2f" top="160" width="25"/>
    <KEY description=":" height="22" left="984" scancode="0x3a" top="144" width="32"/>
    <KEY description=";" height="22" left="984" scancode="0x3b" top="181" width="32"/>
    <KEY description="+" height="16" left="580" scancode="0x2b" top="258" width="25"/>
    <KEY description="CLS" height="16" left="623" scancode="0xc" top="159" width="25"/>
    <KEY description="DEF" height="11" left="31" scancode="0xd5" top="123" width="24"/>
    <KEY description="RCL" height="16" left="145" scancode="0xde" top="258" width="25"/>
    <KEY description="Down Arrow" height="16" left="274" scancode="0x4" top="259" width="25"/>
    <KEY description="ENTER" height="16" left="358" scancode="0xd" top="258" width="68"/>
    <KEY description="Equal" height="16" left="538" scancode="0x3d" top="259" width="25"/>
    <KEY description="RSV" height="16" left="105" scancode="0xdf" top="258" width="25"/>
    <KEY description="Left Arrow" height="16" left="622" scancode="0x6" top="226" width="25"/>
    <KEY description="MODE" height="16" left="624" scancode="0x8" top="191" width="25"/>
    <KEY description="On/Brk" height="12" left="624" scancode="0x3" top="122" width="23"/>
    <KEY description="Off" height="12" left="582" scancode="0xb2" top="122" width="23"/>
    <KEY description="Rigth Arrow" height="16" left="623" scancode="0x7" top="257" width="25"/>
    <KEY description="SHIFT1" height="12" left="495" scancode="0x11" top="122" width="23"/>
    <KEY description="SHIFT2" height="16" left="922" scancode="0x11" top="157" width="25"/>
    <KEY description="SML" height="16" left="63" scancode="0x14" top="257" width="25"/>
    <KEY description="Space" height="16" left="190" scancode="0x20" top="258" width="68"/>
    <KEY description="Up Arrow" height="16" left="316" scancode="0x5" top="258" width="25"/>
    <KEY description="0" height="16" left="454" scancode="0x30" top="259" width="25"/>
    <KEY description="1" height="16" left="453" scancode="0x31" top="226" width="25"/>
    <KEY description="2" height="16" left="496" scancode="0x32" top="225" width="25"/>
    <KEY description="3" height="16" left="539" scancode="0x33" top="225" width="25"/>
    <KEY description="4" height="16" left="454" scancode="0x34" top="191" width="25"/>
    <KEY description="5" height="16" left="496" scancode="0x35" top="192" width="25"/>
    <KEY description="6" height="16" left="539" scancode="0x36" top="193" width="25"/>
    <KEY description="7" height="16" left="453" scancode="0x37" top="158" width="25"/>
    <KEY description="8" height="16" left="496" scancode="0x38" top="159" width="25"/>
    <KEY description="9" height="16" left="539" scancode="0x39" top="159" width="25"/>
    <KEY description="A" height="16" left="42" scancode="0x61" top="192" width="25"/>
    <KEY description="B" height="16" left="231" scancode="0x62" top="224" width="25"/>
    <KEY description="C" height="16" left="147" scancode="0x63" top="225" width="25"/>
    <KEY description="D" height="16" left="126" scancode="0x64" top="191" width="25"/>
    <KEY description="E" height="16" left="115" scancode="0x65" top="158" width="25"/>
    <KEY description="F" height="16" left="168" scancode="0x66" top="191" width="25"/>
    <KEY description="G" height="16" left="210" scancode="0x67" top="191" width="25"/>
    <KEY description="H" height="16" left="252" scancode="0x68" top="191" width="25"/>
    <KEY description="I" height="16" left="327" scancode="0x69" top="159" width="25"/>
    <KEY description="J" height="16" left="295" scancode="0x6a" top="191" width="25"/>
    <KEY description="K" height="16" left="336" scancode="0x6b" top="191" width="25"/>
    <KEY description="L" height="16" left="378" scancode="0x6c" top="192" width="25"/>
    <KEY description="M" height="16" left="315" scancode="0x6d" top="225" width="25"/>
    <KEY description="N" height="16" left="275" scancode="0x6e" top="225" width="25"/>
    <KEY description="O" height="16" left="368" scancode="0x6f" top="159" width="25"/>
    <KEY description="P" height="16" left="411" scancode="0x70" top="159" width="25"/>
    <KEY description="Q" height="16" left="31" scancode="0x71" top="159" width="25"/>
    <KEY description="R" height="16" left="158" scancode="0x72" top="158" width="25"/>
    <KEY description="S" height="16" left="83" scancode="0x73" top="191" width="25"/>
    <KEY description="T" height="16" left="200" scancode="0x74" top="159" width="25"/>
    <KEY description="U" height="16" left="284" scancode="0x75" top="157" width="25"/>
    <KEY description="V" height="16" left="188" scancode="0x76" top="225" width="25"/>
    <KEY description="W" height="16" left="73" scancode="0x77" top="158" width="25"/>
    <KEY description="X" height="16" left="105" scancode="0x78" top="225" width="25"/>
    <KEY description="Y" height="16" left="243" scancode="0x79" top="158" width="25"/>
    <KEY description="Z" height="16" left="64" scancode="0x7a" top="224" width="25"/>
    <KEY description="a" height="0" left="42" masterscancode="0x61" top="192" width="0" modifier="2nd"/>
    <KEY description="b" height="0" left="231" masterscancode="0x62" top="224" width="0" modifier="2nd"/>
    <KEY description="c" height="0" left="147" masterscancode="0x63" top="225" width="0" modifier="2nd"/>
    <KEY description="d" height="0" left="126" masterscancode="0x64" top="191" width="0" modifier="2nd"/>
    <KEY description="e" height="0" left="115" masterscancode="0x65" top="158" width="0" modifier="2nd"/>
    <KEY description="f" height="0" left="168" masterscancode="0x66" top="191" width="0" modifier="2nd"/>
    <KEY description="g" height="0" left="210" masterscancode="0x67" top="191" width="0" modifier="2nd"/>
    <KEY description="h" height="0" left="252" masterscancode="0x68" top="191" width="0" modifier="2nd"/>
    <KEY description="i" height="0" left="327" masterscancode="0x69" top="159" width="0" modifier="2nd"/>
    <KEY description="j" height="0" left="295" masterscancode="0x6a" top="191" width="0" modifier="2nd"/>
    <KEY description="k" height="0" left="336" masterscancode="0x6b" top="191" width="0" modifier="2nd"/>
    <KEY description="l" height="0" left="378" masterscancode="0x6c" top="192" width="0" modifier="2nd"/>
    <KEY description="m" height="0" left="315" masterscancode="0x6d" top="225" width="0" modifier="2nd"/>
    <KEY description="n" height="0" left="275" masterscancode="0x6e" top="225" width="0" modifier="2nd"/>
    <KEY description="o" height="0" left="368" masterscancode="0x6f" top="159" width="0" modifier="2nd"/>
    <KEY description="p" height="0" left="411" masterscancode="0x70" top="159" width="0" modifier="2nd"/>
    <KEY description="q" height="0" left="31" masterscancode="0x71" top="159" width="0" modifier="2nd"/>
    <KEY description="r" height="0" left="158" masterscancode="0x72" top="158" width="0" modifier="2nd"/>
    <KEY description="s" height="0" left="83" masterscancode="0x73" top="191" width="0" modifier="2nd"/>
    <KEY description="t" height="0" left="200" masterscancode="0x74" top="159" width="0" modifier="2nd"/>
    <KEY description="u" height="0" left="284" masterscancode="0x75" top="157" width="0" modifier="2nd"/>
    <KEY description="v" height="0" left="188" masterscancode="0x76" top="225" width="0" modifier="2nd"/>
    <KEY description="w" height="0" left="73" masterscancode="0x77" top="158" width="0" modifier="2nd"/>
    <KEY description="x" height="0" left="105" masterscancode="0x78" top="225" width="0" modifier="2nd"/>
    <KEY description="y" height="0" left="243" masterscancode="0x79" top="158" width="0" modifier="2nd"/>
    <KEY description="z" height="0" left="64" masterscancode="0x7a" top="224" width="0" modifier="2nd"/>
    <KEY description="F1" height="12" left="118" scancode="0xf6" top="122" width="23"/>
    <KEY description="F2" height="12" left="175" scancode="0xf7" top="122" width="23"/>
    <KEY description="F3" height="12" left="231" scancode="0xf8" top="121" width="23"/>
    <KEY description="F4" height="12" left="288" scancode="0xf9" top="122" width="23"/>
    <KEY description="F5" height="12" left="344" scancode="0xfa" top="122" width="23"/>
    <KEY description="F6" height="12" left="400" scancode="0xfb" top="122" width="23"/>
    <KEY description="PRINT" height="22" left="1" scancode="0xc1" top="0" width="21"/>
    <KEY description="!" masterscancode="0xf6" modifier="2nd"/>
    <KEY description="&quot;" masterscancode="0xf7" modifier="2nd"/>
    <KEY description="#" masterscancode="0xf8" modifier="2nd"/>
    <KEY description="$" masterscancode="0xf9" modifier="2nd"/>
    <KEY description="%" masterscancode="0xfa" modifier="2nd"/>
    <KEY description="&amp;" masterscancode="0xfb" modifier="2nd"/>
    <KEY description="?" masterscancode="0x2f" modifier="2nd"/>
    <KEY description="@" masterscancode="0x3d" modifier="2nd"/>
    <KEY description="&lt;" masterscancode="0x28" modifier="2nd"/>
    <KEY description="&gt;" masterscancode="0x29" modifier="2nd"/>
    <KEY description="^" masterscancode="0x20" modifier="2nd"/>
    <KEY description=":" masterscancode="0x2a" modifier="2nd"/>
    <KEY description="," masterscancode="0x2d" modifier="2nd"/>
    <KEY description=";" masterscancode="0x2b" modifier="2nd"/>
    <KEY description="60pins connector" height="170" left="35" scancode="0x240" top="80" width="25" view="LEFT"/>
</Keyboard>
</KEYBMAP>
