<!DOCTYPE KEYBMAP><KEYBMAP version="1.0">
<model>ti59</model>
<Keyboard>
    <KEY description="A" height="20" left="34" masterscancode="0x00" modifier="" scancode="0x41" top="200" view="FRONT" width="32"/>
    <KEY description="B" height="20" left="81" masterscancode="0x00" modifier="" scancode="0x42" top="201" view="FRONT" width="20"/>
    <KEY description="C" height="20" left="127" masterscancode="0x00" modifier="" scancode="0x43" top="202" view="FRONT" width="20"/>
    <KEY description="D" height="20" left="168" masterscancode="0x00" modifier="" scancode="0x44" top="203" view="FRONT" width="20"/>
    <KEY description="E" height="20" left="214" masterscancode="0x00" modifier="" scancode="0x45" top="201" view="FRONT" width="20"/>
    <KEY description="-" height="20" left="214" masterscancode="0x00" modifier="" scancode="0x2d" top="417" view="FRONT" width="20"/>
    <KEY description="(" height="20" left="127" masterscancode="0x00" modifier="" scancode="0x28" top="345" view="FRONT" width="20"/>
    <KEY description=")" height="20" left="174" masterscancode="0x00" modifier="" scancode="0x29" top="348" view="FRONT" width="20"/>
    <KEY description="*" height="20" left="214" masterscancode="0x00" modifier="" scancode="0x2a" top="383" view="FRONT" width="20"/>
    <KEY description="." height="20" left="123" masterscancode="0x00" modifier="" scancode="0x2e" top="488" view="FRONT" width="35"/>
    <KEY description="/" height="20" left="216" masterscancode="0x00" modifier="" scancode="0x2f" top="344" view="FRONT" width="20"/>
    <KEY description="+" height="20" left="217" masterscancode="0x00" modifier="" scancode="0x2b" top="456" view="FRONT" width="20"/>
    <KEY description="CLR" height="20" left="210" masterscancode="0x00" modifier="" scancode="0xef" top="235" view="FRONT" width="20"/>
    <KEY description="INV" height="16" left="81" masterscancode="0x00" modifier="" scancode="0x0b" top="244" view="FRONT" width="25"/>
    <KEY description="Equal" height="20" left="214" masterscancode="0x00" modifier="" scancode="0x3d" top="491" view="FRONT" width="20"/>
    <KEY description="On/Off" height="21" left="44" masterscancode="0x00" modifier="" scancode="0xb2" top="1" view="FRONT" width="60"/>
    <KEY description="SHIFT1" height="20" left="37" masterscancode="0x00" modifier="" scancode="0x11" top="240" view="FRONT" width="20"/>
    <KEY description="0" height="20" left="77" masterscancode="0x00" modifier="" scancode="0x30" top="493" view="FRONT" width="35"/>
    <KEY description="1" height="20" left="76" masterscancode="0x00" modifier="" scancode="0x31" top="455" view="FRONT" width="35"/>
    <KEY description="2" height="20" left="123" masterscancode="0x00" modifier="" scancode="0x32" top="454" view="FRONT" width="35"/>
    <KEY description="3" height="20" left="168" masterscancode="0x00" modifier="" scancode="0x33" top="458" view="FRONT" width="35"/>
    <KEY description="4" height="20" left="75" masterscancode="0x00" modifier="" scancode="0x34" top="418" view="FRONT" width="35"/>
    <KEY description="5" height="20" left="123" masterscancode="0x00" modifier="" scancode="0x35" top="417" view="FRONT" width="35"/>
    <KEY description="6" height="20" left="168" masterscancode="0x00" modifier="" scancode="0x36" top="420" view="FRONT" width="35"/>
    <KEY description="7" height="20" left="74" masterscancode="0x00" modifier="" scancode="0x37" top="382" view="FRONT" width="35"/>
    <KEY description="8" height="20" left="120" masterscancode="0x00" modifier="" scancode="0x38" top="383" view="FRONT" width="35"/>
    <KEY description="9" height="20" left="168" masterscancode="0x00" modifier="" scancode="0x39" top="380" view="FRONT" width="35"/>
    <KEY description="+/-" height="20" left="168" masterscancode="0x00" modifier="" scancode="0xe0" top="489" view="FRONT" width="20"/>
    <KEY description="x^2" height="20" left="126" masterscancode="0x00" modifier="" scancode="0xe3" top="276" view="FRONT" width="20"/>
    <KEY description="SQRT(x)" height="20" left="172" masterscancode="0x00" modifier="" scancode="0xe4" top="273" view="FRONT" width="20"/>
    <KEY description="x^y" height="20" left="217" masterscancode="0x00" modifier="" scancode="0xe5" top="313" view="FRONT" width="20"/>
    <KEY description="1/x" height="20" left="216" masterscancode="0x00" modifier="" scancode="0xe9" top="275" view="FRONT" width="20"/>
    <KEY description="Ln" height="20" left="129" masterscancode="0x00" modifier="" scancode="0xeb" top="241" view="FRONT" width="20"/>
    <KEY description="GTO" height="20" left="42" masterscancode="0x00" modifier="" scancode="0x230" top="381" view="FRONT" width="20"/>
    <KEY description="SBR" height="20" left="41" masterscancode="0x00" modifier="" scancode="0x231" top="419" view="FRONT" width="20"/>
    <KEY description="RST" height="20" left="39" masterscancode="0x00" modifier="" scancode="0x232" top="454" view="FRONT" width="20"/>
    <KEY description="R/S" height="20" left="39" masterscancode="0x00" modifier="" scancode="0x233" top="492" view="FRONT" width="20"/>
    <KEY description="LRN" height="20" left="38" masterscancode="0x00" modifier="" scancode="0x234" top="277" view="FRONT" width="20"/>
    <KEY description="X&lt;&gt;T" height="20" left="84" masterscancode="0x00" modifier="" scancode="0x235" top="277" view="FRONT" width="20"/>
    <KEY description="SST" height="20" left="39" masterscancode="0x00" modifier="" scancode="0x236" top="312" view="FRONT" width="20"/>
    <KEY description="STO" height="20" left="85" masterscancode="0x00" modifier="" scancode="0xdd" top="311" view="FRONT" width="20"/>
    <KEY description="RCL" height="20" left="128" masterscancode="0x00" modifier="" scancode="0xde" top="308" view="FRONT" width="20"/>
    <KEY description="SUM" height="20" left="172" masterscancode="0x00" modifier="" scancode="0x239" top="311" view="FRONT" width="20"/>
    <KEY description="BST" height="20" left="38" masterscancode="0x00" modifier="" scancode="0x23a" top="345" view="FRONT" width="20"/>
    <KEY description="EE" height="20" left="84" masterscancode="0x00" modifier="" scancode="0x23b" top="344" view="FRONT" width="20"/>
    <KEY description="CE" height="20" left="175" masterscancode="0x00" modifier="" scancode="0x23c" top="235" view="FRONT" width="20"/>
</Keyboard>
</KEYBMAP>
