<!DOCTYPE KEYBMAP><KEYBMAP version="1.0">
<model>ti95</model>
<Keyboard>
    <KEY description="F1" height="10" left="160" masterscancode="0x00" modifier="" scancode="0xf6" top="149" width="45"/>
    <KEY description="F2" height="10" left="225" masterscancode="0x00" modifier="" scancode="0xf7" top="149" width="45"/>
    <KEY description="F3" height="10" left="288" masterscancode="0x00" modifier="" scancode="0xf8" top="150" width="45"/>
    <KEY description="F4" height="10" left="348" masterscancode="0x00" modifier="" scancode="0xf9" top="147" width="45"/>
    <KEY description="F5" height="10" left="414" masterscancode="0x00" modifier="" scancode="0xfa" top="149" width="45"/>
    <KEY description="+/-" height="22" left="614" masterscancode="0x00" modifier="" scancode="0xe0" top="299" width="40"/>
    <KEY description="CE" height="22" left="413" masterscancode="0x00" modifier="" scancode="0xef" top="299" width="40"/>
    <KEY description="EE" height="22" left="517" masterscancode="0x00" modifier="" scancode="0x23b" top="148" width="40"/>
    <KEY description="HELP" height="22" left="120" masterscancode="0x00" modifier="" scancode="0x220" top="299" width="40"/>
    <KEY description="LEARN" height="22" left="22" masterscancode="0x00" modifier="" scancode="0x234" top="299" width="40"/>
    <KEY description="LIST" height="22" left="413" masterscancode="0x00" modifier="" scancode="0x259" top="261" width="40"/>
    <KEY description="FUNC" height="22" left="364" masterscancode="0x00" modifier="" scancode="0x25a" top="260" width="40"/>
    <KEY description="OLD" height="22" left="169" masterscancode="0x00" modifier="" scancode="0x25b" top="297" width="40"/>
    <KEY description="Cartridge Slot" height="125" left="627" masterscancode="0x00" modifier="" scancode="0x240" top="5" width="97"/>
    <KEY description="ON" height="15" left="68" masterscancode="0x00" modifier="" scancode="0xc7" top="80" width="52"/>
    <KEY delay="3" description="OFF" height="12" left="68" masterscancode="0x00" modifier="" scancode="0x211" top="108" width="49"/>
    <KEY description="-" height="22" left="669" masterscancode="0x00" modifier="" scancode="0x2d" top="224" width="40"/>
    <KEY description="(" height="22" left="565" masterscancode="0x00" modifier="" scancode="0x28" top="149" width="40"/>
    <KEY description=")" height="22" left="614" masterscancode="0x00" modifier="" scancode="0x29" top="150" width="40"/>
    <KEY description="*" height="22" left="668" masterscancode="0x00" modifier="" scancode="0x2a" top="185" width="40"/>
    <KEY description="Numpad ." height="22" left="563" masterscancode="0x00" modifier="" scancode="0x2e" top="299" width="43"/>
    <KEY description="/" height="22" left="669" masterscancode="0x00" modifier="" scancode="0x2f" top="148" width="40"/>
    <KEY description="+" height="19" left="667" masterscancode="0x00" modifier="" scancode="0x2b" top="262" width="42"/>
    <KEY description="CLR" height="60" left="460" masterscancode="0x00" modifier="" scancode="0x0c" top="259" width="38"/>
    <KEY description="ALPHA" height="22" left="72" masterscancode="0x00" modifier="" scancode="0xd5" top="299" width="40"/>
    <KEY description="Equal" height="19" left="667" masterscancode="0x00" modifier="" scancode="0x3d" top="300" width="42"/>
    <KEY description="Left Arrow" height="25" left="314" masterscancode="0x00" modifier="" scancode="0x06" top="297" width="40"/>
    <KEY description="Rigth Arrow" height="25" left="365" masterscancode="0x00" modifier="" scancode="0x07" top="296" width="40"/>
    <KEY description="SHIFT1" height="25" left="462" masterscancode="0x00" modifier="" scancode="0x11" top="220" width="40"/>
    <KEY description="Space" height="20" left="216" masterscancode="0x00" modifier="" scancode="0x20" top="298" width="91"/>
    <KEY description="0" height="22" left="516" masterscancode="0x00" modifier="" scancode="0x30" top="296" width="40"/>
    <KEY description="1" height="22" left="516" masterscancode="0x00" modifier="" scancode="0x31" top="261" width="40"/>
    <KEY description="2" height="22" left="566" masterscancode="0x00" modifier="" scancode="0x32" top="261" width="40"/>
    <KEY description="3" height="22" left="613" masterscancode="0x00" modifier="" scancode="0x33" top="261" width="40"/>
    <KEY description="4" height="22" left="515" masterscancode="0x00" modifier="" scancode="0x34" top="223" width="40"/>
    <KEY description="5" height="22" left="564" masterscancode="0x00" modifier="" scancode="0x35" top="224" width="40"/>
    <KEY description="6" height="22" left="613" masterscancode="0x00" modifier="" scancode="0x36" top="225" width="40"/>
    <KEY description="7" height="22" left="517" masterscancode="0x00" modifier="" scancode="0x37" top="184" width="40"/>
    <KEY description="8" height="22" left="565" masterscancode="0x00" modifier="" scancode="0x38" top="184" width="40"/>
    <KEY description="9" height="22" left="614" masterscancode="0x00" modifier="" scancode="0x39" top="187" width="40"/>
    <KEY description="A" height="25" left="22" masterscancode="0x00" modifier="" scancode="0x61" top="221" width="40"/>
    <KEY description="B" height="25" left="218" masterscancode="0x00" modifier="" scancode="0x62" top="261" width="40"/>
    <KEY description="C" height="25" left="119" masterscancode="0x00" modifier="" scancode="0x63" top="258" width="40"/>
    <KEY description="D" height="25" left="122" masterscancode="0x00" modifier="" scancode="0x64" top="220" width="40"/>
    <KEY description="E" height="25" left="119" masterscancode="0x00" modifier="" scancode="0x65" top="183" width="40"/>
    <KEY description="F" height="25" left="168" masterscancode="0x00" modifier="" scancode="0x66" top="221" width="40"/>
    <KEY description="G" height="25" left="218" masterscancode="0x00" modifier="" scancode="0x67" top="219" width="40"/>
    <KEY description="H" height="25" left="266" masterscancode="0x00" modifier="" scancode="0x68" top="220" width="40"/>
    <KEY description="I" height="25" left="361" masterscancode="0x00" modifier="" scancode="0x69" top="182" width="40"/>
    <KEY description="J" height="25" left="315" masterscancode="0x00" modifier="" scancode="0x6a" top="220" width="40"/>
    <KEY description="K" height="25" left="365" masterscancode="0x00" modifier="" scancode="0x6b" top="220" width="40"/>
    <KEY description="L" height="25" left="413" masterscancode="0x00" modifier="" scancode="0x6c" top="220" width="40"/>
    <KEY description="M" height="25" left="315" masterscancode="0x00" modifier="" scancode="0x6d" top="257" width="40"/>
    <KEY description="N" height="25" left="266" masterscancode="0x00" modifier="" scancode="0x6e" top="257" width="40"/>
    <KEY description="O" height="25" left="412" masterscancode="0x00" modifier="" scancode="0x6f" top="183" width="40"/>
    <KEY description="P" height="25" left="462" masterscancode="0x00" modifier="" scancode="0x70" top="183" width="40"/>
    <KEY description="Q" height="25" left="21" masterscancode="0x00" modifier="" scancode="0x71" top="181" width="40"/>
    <KEY description="R" height="25" left="167" masterscancode="0x00" modifier="" scancode="0x72" top="185" width="40"/>
    <KEY description="S" height="25" left="71" masterscancode="0x00" modifier="" scancode="0x73" top="218" width="40"/>
    <KEY description="T" height="25" left="216" masterscancode="0x00" modifier="" scancode="0x74" top="182" width="40"/>
    <KEY description="U" height="25" left="314" masterscancode="0x00" modifier="" scancode="0x75" top="182" width="40"/>
    <KEY description="V" height="25" left="167" masterscancode="0x00" modifier="" scancode="0x76" top="256" width="40"/>
    <KEY description="W" height="25" left="72" masterscancode="0x00" modifier="" scancode="0x77" top="181" width="40"/>
    <KEY description="X" height="25" left="70" masterscancode="0x00" modifier="" scancode="0x78" top="259" width="40"/>
    <KEY description="Y" height="25" left="265" masterscancode="0x00" modifier="" scancode="0x79" top="180" width="40"/>
    <KEY description="Z" height="25" left="22" masterscancode="0x00" modifier="" scancode="0x7a" top="258" width="40"/>
    <KEY description="!" height="0" left="0" masterscancode="0x71" modifier="2nd" scancode="0x00" top="0" width="0"/>
    <KEY description="&quot;" height="0" left="0" masterscancode="0x77" modifier="2nd" scancode="0x00" top="0" width="0"/>
    <KEY description="#" height="0" left="0" masterscancode="0x65" modifier="2nd" scancode="0x00" top="0" width="0"/>
    <KEY description="$" height="0" left="0" masterscancode="0x72" modifier="2nd" scancode="0x00" top="0" width="0"/>
    <KEY description="%" height="0" left="0" masterscancode="0x74" modifier="2nd" scancode="0x00" top="0" width="0"/>
    <KEY description="&amp;" height="0" left="0" masterscancode="0x79" modifier="2nd" scancode="0x00" top="0" width="0"/>
    <KEY description="?" height="0" left="0" masterscancode="0x75" modifier="2nd" scancode="0x00" top="0" width="0"/>
    <KEY description="@" height="0" left="0" masterscancode="0x70" modifier="2nd" scancode="0x00" top="0" width="0"/>
    <KEY description="&lt;" height="0" left="0" masterscancode="0x28" modifier="2nd" scancode="0x00" top="0" width="0"/>
    <KEY description="&gt;" height="0" left="0" masterscancode="0x29" modifier="2nd" scancode="0x00" top="0" width="0"/>
    <KEY description="^" height="0" left="0" masterscancode="0x2d" modifier="2nd" scancode="0x00" top="0" width="0"/>
</Keyboard>
</KEYBMAP>
