<!DOCTYPE KEYBMAP><KEYBMAP version="1.0">
<model>fx890p</model>
<Keyboard>
    <KEY description="30 pins connector" height="150" left="20" masterscancode="0x00" modifier="" scancode="0x300" top="130" view="LEFT" width="25"/>
    <KEY description="-" height="18" left="682" masterscancode="0x00" modifier="" scancode="0x2d" top="215" view="FRONT" width="25"/>
    <KEY description="Tab" height="17" left="23" masterscancode="0x00" modifier="" scancode="0x0f" top="156" view="FRONT" width="27"/>
    <KEY description="&apos;" height="20" left="0" masterscancode="0x00" modifier="" scancode="0xb0" top="0" view="FRONT" width="20"/>
    <KEY description="SQR" height="17" left="577" masterscancode="0x00" modifier="" scancode="0xe4" top="29" view="FRONT" width="27"/>
    <KEY description="^2" height="17" left="615" masterscancode="0x00" modifier="" scancode="0xe3" top="30" view="FRONT" width="27"/>
    <KEY description="^" height="17" left="649" masterscancode="0x00" modifier="" scancode="0xe5" top="95" view="FRONT" width="27"/>
    <KEY description="(" height="17" left="578" masterscancode="0x00" modifier="" scancode="0x28" top="96" view="FRONT" width="27"/>
    <KEY description=")" height="17" left="615" masterscancode="0x00" modifier="" scancode="0x29" top="97" view="FRONT" width="27"/>
    <KEY description="*" height="20" left="637" masterscancode="0x00" modifier="" scancode="0x2a" top="175" view="FRONT" width="31"/>
    <KEY description="," height="18" left="349" masterscancode="0x00" modifier="" scancode="0x2c" top="221" view="FRONT" width="30"/>
    <KEY description="." height="18" left="554" masterscancode="0x00" modifier="" scancode="0x2e" top="256" view="FRONT" width="25"/>
    <KEY description="/" height="22" left="680" masterscancode="0x00" modifier="" scancode="0x2f" top="174" view="FRONT" width="32"/>
    <KEY description=":" height="20" left="451" masterscancode="0x00" modifier="" scancode="0x3a" top="187" view="FRONT" width="28"/>
    <KEY description=";" height="20" left="414" masterscancode="0x00" modifier="" scancode="0x3b" top="187" view="FRONT" width="27"/>
    <KEY description="+" height="21" left="637" masterscancode="0x00" modifier="" scancode="0x2b" top="214" view="FRONT" width="33"/>
    <KEY description="OFF" height="40" left="1" masterscancode="0x00" modifier="" scancode="0xc8" top="70" view="FRONT" width="10"/>
    <KEY description="ON" height="40" left="-1" masterscancode="0x00" modifier="" scancode="0xc7" top="28" view="FRONT" width="10"/>
    <KEY description="CLS" height="21" left="686" masterscancode="0x00" modifier="" scancode="0x0c" top="27" view="FRONT" width="27"/>
    <KEY description="DEL" height="18" left="464" masterscancode="0x00" modifier="" scancode="0x0a" top="223" view="FRONT" width="26"/>
    <KEY description="Down Arrow" height="17" left="425" masterscancode="0x00" modifier="" scancode="0x04" top="258" view="FRONT" width="27"/>
    <KEY description="EXE Keyboard" height="20" left="634" masterscancode="0x00" modifier="" scancode="0x0d" top="254" view="FRONT" width="80"/>
    <KEY description="Equal" height="17" left="348" masterscancode="0x00" modifier="" scancode="0x3d" top="259" view="FRONT" width="29"/>
    <KEY description="INS" height="17" left="387" masterscancode="0x00" modifier="" scancode="0x09" top="223" view="FRONT" width="27"/>
    <KEY description="Left Arrow" height="19" left="387" masterscancode="0x00" modifier="" scancode="0x06" top="258" view="FRONT" width="29"/>
    <KEY description="On/Brk" height="21" left="682" masterscancode="0x00" modifier="" scancode="0x03" top="133" view="FRONT" width="27"/>
    <KEY description="Rigth Arrow" height="16" left="464" masterscancode="0x00" modifier="" scancode="0x07" top="258" view="FRONT" width="27"/>
    <KEY description="BS" height="22" left="637" masterscancode="0x00" modifier="" scancode="0xd6" top="136" view="FRONT" width="30"/>
    <KEY description="Shift" height="17" left="23" masterscancode="0x00" modifier="" scancode="0x11" top="260" view="FRONT" width="51"/>
    <KEY description="S" height="17" left="441" masterscancode="0x00" modifier="" scancode="0x12" top="153" view="FRONT" width="51"/>
    <KEY description="SML" height="26" left="24" masterscancode="0x00" modifier="" scancode="0x14" top="221" view="FRONT" width="30"/>
    <KEY description="ANS" height="18" left="684" masterscancode="0x00" modifier="" scancode="0x207" top="95" view="FRONT" width="29"/>
    <KEY description="Space" height="18" left="234" masterscancode="0x00" modifier="" scancode="0x20" top="259" view="FRONT" width="105"/>
    <KEY description="Up Arrow" height="19" left="425" masterscancode="0x00" modifier="" scancode="0x05" top="223" view="FRONT" width="28"/>
    <KEY description="Exp" height="20" left="597" masterscancode="0x00" modifier="" scancode="0xe6" top="253" view="FRONT" width="28"/>
    <KEY description="0" height="20" left="510" masterscancode="0x00" modifier="" scancode="0x30" top="254" view="FRONT" width="28"/>
    <KEY description="1" height="20" left="510" masterscancode="0x00" modifier="" scancode="0x31" top="214" view="FRONT" width="27"/>
    <KEY description="2" height="20" left="552" masterscancode="0x00" modifier="" scancode="0x32" top="214" view="FRONT" width="27"/>
    <KEY description="3" height="20" left="596" masterscancode="0x00" modifier="" scancode="0x33" top="214" view="FRONT" width="27"/>
    <KEY description="4" height="20" left="510" masterscancode="0x00" modifier="" scancode="0x34" top="175" view="FRONT" width="28"/>
    <KEY description="5" height="20" left="554" masterscancode="0x00" modifier="" scancode="0x35" top="174" view="FRONT" width="28"/>
    <KEY description="6" height="20" left="596" masterscancode="0x00" modifier="" scancode="0x36" top="174" view="FRONT" width="28"/>
    <KEY description="7" height="20" left="509" masterscancode="0x00" modifier="" scancode="0x37" top="136" view="FRONT" width="28"/>
    <KEY description="8" height="20" left="554" masterscancode="0x00" modifier="" scancode="0x38" top="136" view="FRONT" width="28"/>
    <KEY description="9" height="20" left="594" masterscancode="0x00" modifier="" scancode="0x39" top="136" view="FRONT" width="28"/>
    <KEY description="A" height="18" left="74" masterscancode="0x00" modifier="" scancode="0x61" top="190" view="FRONT" width="27"/>
    <KEY description="B" height="18" left="236" masterscancode="0x00" modifier="" scancode="0x62" top="224" view="FRONT" width="27"/>
    <KEY description="C" height="18" left="159" masterscancode="0x00" modifier="" scancode="0x63" top="225" view="FRONT" width="27"/>
    <KEY description="D" height="18" left="148" masterscancode="0x00" modifier="" scancode="0x64" top="188" view="FRONT" width="27"/>
    <KEY description="E" height="18" left="139" masterscancode="0x00" modifier="" scancode="0x65" top="154" view="FRONT" width="27"/>
    <KEY description="F" height="18" left="185" masterscancode="0x00" modifier="" scancode="0x66" top="188" view="FRONT" width="27"/>
    <KEY description="G" height="18" left="225" masterscancode="0x00" modifier="" scancode="0x67" top="187" view="FRONT" width="27"/>
    <KEY description="H" height="18" left="262" masterscancode="0x00" modifier="" scancode="0x68" top="190" view="FRONT" width="27"/>
    <KEY description="I" height="18" left="329" masterscancode="0x00" modifier="" scancode="0x69" top="154" view="FRONT" width="27"/>
    <KEY description="J" height="18" left="299" masterscancode="0x00" modifier="" scancode="0x6a" top="188" view="FRONT" width="27"/>
    <KEY description="K" height="18" left="338" masterscancode="0x00" modifier="" scancode="0x6b" top="190" view="FRONT" width="27"/>
    <KEY description="L" height="18" left="377" masterscancode="0x00" modifier="" scancode="0x6c" top="189" view="FRONT" width="27"/>
    <KEY description="M" height="18" left="311" masterscancode="0x00" modifier="" scancode="0x6d" top="221" view="FRONT" width="27"/>
    <KEY description="N" height="18" left="274" masterscancode="0x00" modifier="" scancode="0x6e" top="224" view="FRONT" width="27"/>
    <KEY description="O" height="18" left="364" masterscancode="0x00" modifier="" scancode="0x6f" top="155" view="FRONT" width="27"/>
    <KEY description="P" height="18" left="403" masterscancode="0x00" modifier="" scancode="0x70" top="153" view="FRONT" width="27"/>
    <KEY description="Q" height="18" left="61" masterscancode="0x00" modifier="" scancode="0x71" top="155" view="FRONT" width="27"/>
    <KEY description="R" height="18" left="176" masterscancode="0x00" modifier="" scancode="0x72" top="157" view="FRONT" width="27"/>
    <KEY description="S" height="18" left="111" masterscancode="0x00" modifier="" scancode="0x73" top="190" view="FRONT" width="27"/>
    <KEY description="T" height="18" left="215" masterscancode="0x00" modifier="" scancode="0x74" top="153" view="FRONT" width="27"/>
    <KEY description="U" height="18" left="289" masterscancode="0x00" modifier="" scancode="0x75" top="153" view="FRONT" width="27"/>
    <KEY description="V" height="18" left="197" masterscancode="0x00" modifier="" scancode="0x76" top="223" view="FRONT" width="27"/>
    <KEY description="W" height="18" left="100" masterscancode="0x00" modifier="" scancode="0x77" top="154" view="FRONT" width="27"/>
    <KEY description="X" height="18" left="123" masterscancode="0x00" modifier="" scancode="0x78" top="224" view="FRONT" width="27"/>
    <KEY description="Y" height="18" left="254" masterscancode="0x00" modifier="" scancode="0x79" top="153" view="FRONT" width="27"/>
    <KEY description="Z" height="18" left="83" masterscancode="0x00" modifier="" scancode="0x7a" top="224" view="FRONT" width="27"/>
    <KEY description="MENU" height="17" left="506" masterscancode="0x00" modifier="" scancode="0xda" top="30" view="FRONT" width="27"/>
    <KEY description="CAL" height="18" left="542" masterscancode="0x00" modifier="" scancode="0xe1" top="29" view="FRONT" width="28"/>
    <KEY description="CALC" height="15" left="199" masterscancode="0x00" modifier="" scancode="0x202" top="260" view="FRONT" width="27"/>
    <KEY description="OUT" height="19" left="159" masterscancode="0x00" modifier="" scancode="0x204" top="256" view="FRONT" width="31"/>
    <KEY description="IN" height="20" left="121" masterscancode="0x00" modifier="" scancode="0x205" top="257" view="FRONT" width="31"/>
    <KEY description="RESET" height="20" left="29" masterscancode="0x00" modifier="" scancode="0x251" top="188" view="FRONT" width="20"/>
    <KEY description="SEARCH" height="18" left="82" masterscancode="0x00" modifier="" scancode="0x20f" top="257" view="FRONT" width="29"/>
    <KEY description="Log" height="16" left="507" masterscancode="0x00" modifier="" scancode="0xea" top="64" view="FRONT" width="25"/>
    <KEY description="Ln" height="16" left="544" masterscancode="0x00" modifier="" scancode="0xeb" top="63" view="FRONT" width="25"/>
    <KEY description="Deg" height="16" left="579" masterscancode="0x00" modifier="" scancode="0xec" top="64" view="FRONT" width="25"/>
    <KEY description="Tan" height="16" left="689" masterscancode="0x00" modifier="" scancode="0xf1" top="64" view="FRONT" width="25"/>
    <KEY description="Cos" height="16" left="649" masterscancode="0x00" modifier="" scancode="0xf2" top="65" view="FRONT" width="25"/>
    <KEY description="Sin" height="16" left="615" masterscancode="0x00" modifier="" scancode="0xf3" top="64" view="FRONT" width="25"/>
    <KEY description="M+" height="16" left="544" masterscancode="0x00" modifier="" scancode="0xee" top="97" view="FRONT" width="25"/>
    <KEY description="RM" height="16" left="512" masterscancode="0x00" modifier="" scancode="0xf5" top="98" view="FRONT" width="25"/>
    <KEY description="ENG" height="16" left="653" masterscancode="0x00" modifier="" scancode="0x210" top="30" view="FRONT" width="25"/>
    <KEY description="!" height="0" left="0" masterscancode="0x71" modifier="2nd" scancode="0x00" top="0" view="FRONT" width="0"/>
    <KEY description="&quot;" height="0" left="0" masterscancode="0x77" modifier="2nd" scancode="0x00" top="0" view="FRONT" width="0"/>
    <KEY description="#" height="0" left="0" masterscancode="0x65" modifier="2nd" scancode="0x00" top="0" view="FRONT" width="0"/>
    <KEY description="$" height="0" left="0" masterscancode="0x72" modifier="2nd" scancode="0x00" top="0" view="FRONT" width="0"/>
    <KEY description="&amp;" height="0" left="0" masterscancode="0x79" modifier="2nd" scancode="0x00" top="0" view="FRONT" width="0"/>
    <KEY description="&apos;" height="0" left="0" masterscancode="0x75" modifier="2nd" scancode="0x00" top="0" view="FRONT" width="0"/>
    <KEY description="&lt;" height="0" left="0" masterscancode="0x6b" modifier="2nd" scancode="0x00" top="0" view="FRONT" width="0"/>
    <KEY description="&gt;" height="0" left="0" masterscancode="0x6c" modifier="2nd" scancode="0x00" top="0" view="FRONT" width="0"/>
    <KEY description="%" height="0" left="0" masterscancode="0x74" modifier="2nd" scancode="0x00" top="0" view="FRONT" width="0"/>
    <KEY description="@" height="0" left="0" masterscancode="0x61" modifier="2nd" scancode="0x00" top="0" view="FRONT" width="0"/>
    <KEY description="_" height="0" left="0" masterscancode="0x3b" modifier="2nd" scancode="0x00" top="0" view="FRONT" width="0"/>
    <KEY description="[" height="0" left="0" masterscancode="0x68" modifier="2nd" scancode="0x00" top="0" view="FRONT" width="0"/>
    <KEY description="]" height="0" left="0" masterscancode="0x6a" modifier="2nd" scancode="0x00" top="0" view="FRONT" width="0"/>
    <KEY description="{" height="0" left="0" masterscancode="0x66" modifier="2nd" scancode="0x00" top="0" view="FRONT" width="0"/>
    <KEY description="}" height="0" left="0" masterscancode="0x67" modifier="2nd" scancode="0x00" top="0" view="FRONT" width="0"/>
    <KEY description="?" height="0" left="0" masterscancode="0x64" modifier="2nd" scancode="0x00" top="0" view="FRONT" width="0"/>
    <KEY description="|" height="0" left="0" masterscancode="0x6f" modifier="2nd" scancode="0x00" top="0" view="FRONT" width="0"/>
    <KEY description="P0" height="0" left="0" masterscancode="0x30" modifier="2nd" scancode="0x00" top="0" view="FRONT" width="0"/>
    <KEY description="P1" height="0" left="0" masterscancode="0x31" modifier="2nd" scancode="0x00" top="0" view="FRONT" width="0"/>
    <KEY description="P2" height="0" left="0" masterscancode="0x32" modifier="2nd" scancode="0x00" top="0" view="FRONT" width="0"/>
    <KEY description="P3" height="0" left="0" masterscancode="0x33" modifier="2nd" scancode="0x00" top="0" view="FRONT" width="0"/>
    <KEY description="P4" height="0" left="0" masterscancode="0x34" modifier="2nd" scancode="0x00" top="0" view="FRONT" width="0"/>
    <KEY description="P5" height="0" left="0" masterscancode="0x35" modifier="2nd" scancode="0x00" top="0" view="FRONT" width="0"/>
    <KEY description="P6" height="0" left="0" masterscancode="0x36" modifier="2nd" scancode="0x00" top="0" view="FRONT" width="0"/>
    <KEY description="P7" height="0" left="0" masterscancode="0x37" modifier="2nd" scancode="0x00" top="0" view="FRONT" width="0"/>
    <KEY description="P8" height="0" left="0" masterscancode="0x38" modifier="2nd" scancode="0x00" top="0" view="FRONT" width="0"/>
    <KEY description="P9" height="0" left="0" masterscancode="0x39" modifier="2nd" scancode="0x00" top="0" view="FRONT" width="0"/>
</Keyboard>
</KEYBMAP>
